2025-09-27 12:49:25.907 [main] INFO  c.e.p.ProfileServiceApplication - Starting ProfileServiceApplication using Java 21.0.8 with PID 266713 (/home/meetqintian/IdeaProjects/services/profile-service/target/classes started by meetqintian in /home/meetqintian/IdeaProjects/services/profile-service)
2025-09-27 12:49:25.908 [main] DEBUG c.e.p.ProfileServiceApplication - Running with Spring Boot v3.3.0, Spring v6.1.8
2025-09-27 12:49:25.909 [main] INFO  c.e.p.ProfileServiceApplication - No active profile set, falling back to 1 default profile: "default"
2025-09-27 12:49:26.207 [main] INFO  o.s.d.r.c.RepositoryConfigurationDelegate - Bootstrapping Spring Data JPA repositories in DEFAULT mode.
2025-09-27 12:49:26.233 [main] INFO  o.s.d.r.c.RepositoryConfigurationDelegate - Finished Spring Data repository scanning in 22 ms. Found 1 JPA repository interface.
2025-09-27 12:49:26.479 [main] INFO  o.s.b.w.e.tomcat.TomcatWebServer - Tomcat initialized with port 8084 (http)
2025-09-27 12:49:26.486 [main] INFO  o.a.catalina.core.StandardService - Starting service [Tomcat]
2025-09-27 12:49:26.486 [main] INFO  o.a.catalina.core.StandardEngine - Starting Servlet engine: [Apache Tomcat/10.1.24]
2025-09-27 12:49:26.510 [main] INFO  o.a.c.c.C.[Tomcat].[localhost].[/] - Initializing Spring embedded WebApplicationContext
2025-09-27 12:49:26.511 [main] INFO  o.s.b.w.s.c.ServletWebServerApplicationContext - Root WebApplicationContext: initialization completed in 583 ms
2025-09-27 12:49:26.538 [main] DEBUG c.e.p.s.JwtAuthenticationFilter - Filter 'jwtAuthenticationFilter' configured for use
2025-09-27 12:49:26.593 [main] INFO  o.h.jpa.internal.util.LogHelper - HHH000204: Processing PersistenceUnitInfo [name: default]
2025-09-27 12:49:26.615 [main] INFO  org.hibernate.Version - HHH000412: Hibernate ORM core version 6.5.2.Final
2025-09-27 12:49:26.636 [main] INFO  o.h.c.i.RegionFactoryInitiator - HHH000026: Second-level cache disabled
2025-09-27 12:49:26.770 [main] INFO  o.s.o.j.p.SpringPersistenceUnitInfo - No LoadTimeWeaver setup: ignoring JPA class transformer
2025-09-27 12:49:26.782 [main] INFO  com.zaxxer.hikari.HikariDataSource - HikariPool-1 - Starting...
2025-09-27 12:49:26.855 [main] INFO  com.zaxxer.hikari.pool.HikariPool - HikariPool-1 - Added connection org.postgresql.jdbc.PgConnection@4e4d0a0b
2025-09-27 12:49:26.856 [main] INFO  com.zaxxer.hikari.HikariDataSource - HikariPool-1 - Start completed.
2025-09-27 12:49:26.870 [main] WARN  org.hibernate.orm.deprecation - HHH90000025: PostgreSQLDialect does not need to be specified explicitly using 'hibernate.dialect' (remove the property setting and it will be selected by default)
2025-09-27 12:49:27.275 [main] INFO  o.h.e.t.j.p.i.JtaPlatformInitiator - HHH000489: No JTA platform available (set 'hibernate.transaction.jta.platform' to enable JTA platform integration)
2025-09-27 12:49:27.310 [main] INFO  o.s.o.j.LocalContainerEntityManagerFactoryBean - Initialized JPA EntityManagerFactory for persistence unit 'default'
2025-09-27 12:49:27.479 [main] WARN  o.s.b.a.o.j.JpaBaseConfiguration$JpaWebConfiguration - spring.jpa.open-in-view is enabled by default. Therefore, database queries may be performed during view rendering. Explicitly configure spring.jpa.open-in-view to disable this warning
2025-09-27 12:49:27.488 [main] WARN  o.s.b.a.s.s.UserDetailsServiceAutoConfiguration - 

Using generated security password: 48ebaa37-4dfd-4427-acaa-1f72d4b2fdd1

This generated password is for development use only. Your security configuration must be updated before running your application in production.

2025-09-27 12:49:27.495 [main] INFO  o.s.s.c.a.a.c.InitializeUserDetailsBeanManagerConfigurer$InitializeUserDetailsManagerConfigurer - Global AuthenticationManager configured with UserDetailsService bean with name inMemoryUserDetailsManager
2025-09-27 12:49:27.554 [main] DEBUG o.s.w.s.m.m.a.RequestMappingHandlerMapping - 12 mappings in 'requestMappingHandlerMapping'
2025-09-27 12:49:27.591 [main] DEBUG o.s.w.s.h.SimpleUrlHandlerMapping - Patterns [/webjars/**, /**] in 'resourceHandlerMapping'
2025-09-27 12:49:27.610 [main] INFO  o.s.s.web.DefaultSecurityFilterChain - Will secure any request with [org.springframework.security.web.session.DisableEncodeUrlFilter@4babe06f, org.springframework.security.web.context.request.async.WebAsyncManagerIntegrationFilter@5c6be812, org.springframework.security.web.context.SecurityContextHolderFilter@32084a01, org.springframework.security.web.header.HeaderWriterFilter@6e475994, org.springframework.web.filter.CorsFilter@19ee0a2f, org.springframework.security.web.authentication.logout.LogoutFilter@69e736bf, com.example.profileservice.security.JwtAuthenticationFilter@5a917723, org.springframework.security.web.savedrequest.RequestCacheAwareFilter@2433bcd4, org.springframework.security.web.servletapi.SecurityContextHolderAwareRequestFilter@5f1a3c4, org.springframework.security.web.authentication.AnonymousAuthenticationFilter@28796d0e, org.springframework.security.web.access.ExceptionTranslationFilter@6b64921f, org.springframework.security.web.access.intercept.AuthorizationFilter@1ee126de]
2025-09-27 12:49:27.648 [main] DEBUG o.s.w.s.m.m.a.RequestMappingHandlerAdapter - ControllerAdvice beans: 0 @ModelAttribute, 0 @InitBinder, 1 RequestBodyAdvice, 1 ResponseBodyAdvice
2025-09-27 12:49:27.663 [main] DEBUG o.s.w.s.m.m.a.ExceptionHandlerExceptionResolver - ControllerAdvice beans: 0 @ExceptionHandler, 1 ResponseBodyAdvice
2025-09-27 12:49:27.711 [main] INFO  o.s.b.w.e.tomcat.TomcatWebServer - Tomcat started on port 8084 (http) with context path '/'
2025-09-27 12:49:27.715 [main] INFO  c.e.p.ProfileServiceApplication - Started ProfileServiceApplication in 2.065 seconds (process running for 2.209)
2025-09-27 13:33:54.242 [http-nio-8084-exec-1] INFO  o.a.c.c.C.[Tomcat].[localhost].[/] - Initializing Spring DispatcherServlet 'dispatcherServlet'
2025-09-27 13:33:54.243 [http-nio-8084-exec-1] INFO  o.s.web.servlet.DispatcherServlet - Initializing Servlet 'dispatcherServlet'
2025-09-27 13:33:54.243 [http-nio-8084-exec-1] DEBUG o.s.web.servlet.DispatcherServlet - Detected StandardServletMultipartResolver
2025-09-27 13:33:54.243 [http-nio-8084-exec-1] DEBUG o.s.web.servlet.DispatcherServlet - Detected AcceptHeaderLocaleResolver
2025-09-27 13:33:54.243 [http-nio-8084-exec-1] DEBUG o.s.web.servlet.DispatcherServlet - Detected FixedThemeResolver
2025-09-27 13:33:54.243 [http-nio-8084-exec-1] DEBUG o.s.web.servlet.DispatcherServlet - Detected org.springframework.web.servlet.view.DefaultRequestToViewNameTranslator@b8c6406
2025-09-27 13:33:54.243 [http-nio-8084-exec-1] DEBUG o.s.web.servlet.DispatcherServlet - Detected org.springframework.web.servlet.support.SessionFlashMapManager@4b3eaf39
2025-09-27 13:33:54.244 [http-nio-8084-exec-1] DEBUG o.s.web.servlet.DispatcherServlet - enableLoggingRequestDetails='false': request parameters and headers will be masked to prevent unsafe logging of potentially sensitive data
2025-09-27 13:33:54.244 [http-nio-8084-exec-1] INFO  o.s.web.servlet.DispatcherServlet - Completed initialization in 1 ms
2025-09-27 13:33:54.303 [http-nio-8084-exec-2] DEBUG o.s.web.servlet.DispatcherServlet - GET "/api/profiles/10", parameters={}
2025-09-27 13:33:54.304 [http-nio-8084-exec-2] DEBUG o.s.w.s.m.m.a.RequestMappingHandlerMapping - Mapped to com.example.profileservice.controller.ProfileController#getProfile(Long, HttpServletRequest)
2025-09-27 13:33:54.324 [http-nio-8084-exec-2] DEBUG o.s.web.client.RestTemplate - HTTP POST http://localhost:8082/api/auth/validate-token
2025-09-27 13:33:54.328 [http-nio-8084-exec-2] DEBUG o.s.web.client.RestTemplate - Accept=[application/json, application/*+json]
2025-09-27 13:33:54.332 [http-nio-8084-exec-2] DEBUG o.s.web.client.RestTemplate - Writing [{userId=10, token=eyJhbGciOiJIUzI1NiJ9.eyJzdWIiOiIyMzEwMTEwMDUyNiIsImlhdCI6MTc1ODk1MTIzMywiZXhwIjoxNzU5MDM3NjMzfQ.sDNXV7j4LI1vwxRAmvxkCcPmdACVqhKGrjTzVtxelPo}] with org.springframework.http.converter.json.MappingJackson2HttpMessageConverter
2025-09-27 13:33:54.352 [http-nio-8084-exec-2] DEBUG o.s.web.client.RestTemplate - Response 200 OK
2025-09-27 13:33:54.353 [http-nio-8084-exec-2] DEBUG o.s.web.client.RestTemplate - Reading to [java.util.Map<?, ?>]
2025-09-27 13:33:54.428 [http-nio-8084-exec-2] DEBUG o.s.w.s.m.m.a.HttpEntityMethodProcessor - Using 'application/octet-stream', given [*/*] and supported [*/*]
2025-09-27 13:33:54.428 [http-nio-8084-exec-2] DEBUG o.s.web.servlet.DispatcherServlet - Completed 404 NOT_FOUND
2025-09-27 13:41:16.900 [http-nio-8084-exec-4] DEBUG o.s.web.servlet.DispatcherServlet - POST "/api/profiles", parameters={}
2025-09-27 13:41:16.901 [http-nio-8084-exec-4] DEBUG o.s.w.s.m.m.a.RequestMappingHandlerMapping - Mapped to com.example.profileservice.controller.ProfileController#createProfile(ProfileCreateRequest, HttpServletRequest)
2025-09-27 13:41:16.937 [http-nio-8084-exec-4] DEBUG o.s.w.s.m.m.a.RequestResponseBodyMethodProcessor - Read "application/json;charset=UTF-8" to [com.example.profileservice.controller.ProfileController$ProfileCreateRequest@5cef5513]
2025-09-27 13:41:16.941 [http-nio-8084-exec-4] DEBUG o.s.web.client.RestTemplate - HTTP POST http://localhost:8082/api/auth/validate-token
2025-09-27 13:41:16.942 [http-nio-8084-exec-4] DEBUG o.s.web.client.RestTemplate - Accept=[application/json, application/*+json]
2025-09-27 13:41:16.942 [http-nio-8084-exec-4] DEBUG o.s.web.client.RestTemplate - Writing [{userId=23, token=eyJhbGciOiJIUzI1NiJ9.eyJzdWIiOiJhZG1pbiIsImlhdCI6MTc1ODk1MTY3NiwiZXhwIjoxNzU5MDM4MDc2fQ.4-jMZ2pFaHZp33veVuG3DiP6zc0uQ0y0R9jbVXWNV8s}] with org.springframework.http.converter.json.MappingJackson2HttpMessageConverter
2025-09-27 13:41:16.949 [http-nio-8084-exec-4] DEBUG o.s.web.client.RestTemplate - Response 200 OK
2025-09-27 13:41:16.949 [http-nio-8084-exec-4] DEBUG o.s.web.client.RestTemplate - Reading to [java.util.Map<?, ?>]
2025-09-27 13:41:16.951 [http-nio-8084-exec-4] DEBUG o.s.w.s.m.m.a.HttpEntityMethodProcessor - Using 'application/json', given [*/*] and supported [application/json, application/*+json]
2025-09-27 13:41:16.951 [http-nio-8084-exec-4] DEBUG o.s.w.s.m.m.a.HttpEntityMethodProcessor - Writing [{error=未授权访问}]
2025-09-27 13:41:16.954 [http-nio-8084-exec-4] DEBUG o.s.web.servlet.DispatcherServlet - Completed 401 UNAUTHORIZED
2025-09-27 13:42:00.019 [http-nio-8084-exec-8] DEBUG o.s.web.servlet.DispatcherServlet - POST "/api/profiles", parameters={}
2025-09-27 13:42:00.019 [http-nio-8084-exec-8] DEBUG o.s.w.s.m.m.a.RequestMappingHandlerMapping - Mapped to com.example.profileservice.controller.ProfileController#createProfile(ProfileCreateRequest, HttpServletRequest)
2025-09-27 13:42:00.020 [http-nio-8084-exec-8] DEBUG o.s.w.s.m.m.a.RequestResponseBodyMethodProcessor - Read "application/json;charset=UTF-8" to [com.example.profileservice.controller.ProfileController$ProfileCreateRequest@5079a218]
2025-09-27 13:42:00.021 [http-nio-8084-exec-8] DEBUG o.s.web.client.RestTemplate - HTTP POST http://localhost:8082/api/auth/validate-token
2025-09-27 13:42:00.021 [http-nio-8084-exec-8] DEBUG o.s.web.client.RestTemplate - Accept=[application/json, application/*+json]
2025-09-27 13:42:00.021 [http-nio-8084-exec-8] DEBUG o.s.web.client.RestTemplate - Writing [{userId=24, token=eyJhbGciOiJIUzI1NiJ9.eyJzdWIiOiJhZG1pbiIsImlhdCI6MTc1ODk1MTcxOSwiZXhwIjoxNzU5MDM4MTE5fQ.VrHLriDSTBMCo4teKifIMJ8zcxXXmkE-H-VfFF052nQ}] with org.springframework.http.converter.json.MappingJackson2HttpMessageConverter
2025-09-27 13:42:00.029 [http-nio-8084-exec-8] DEBUG o.s.web.client.RestTemplate - Response 200 OK
2025-09-27 13:42:00.030 [http-nio-8084-exec-8] DEBUG o.s.web.client.RestTemplate - Reading to [java.util.Map<?, ?>]
2025-09-27 13:42:00.030 [http-nio-8084-exec-8] DEBUG o.s.w.s.m.m.a.HttpEntityMethodProcessor - Using 'application/json', given [*/*] and supported [application/json, application/*+json]
2025-09-27 13:42:00.030 [http-nio-8084-exec-8] DEBUG o.s.w.s.m.m.a.HttpEntityMethodProcessor - Writing [{error=未授权访问}]
2025-09-27 13:42:00.031 [http-nio-8084-exec-8] DEBUG o.s.web.servlet.DispatcherServlet - Completed 401 UNAUTHORIZED
2025-09-27 13:42:14.211 [SpringApplicationShutdownHook] INFO  o.s.o.j.LocalContainerEntityManagerFactoryBean - Closing JPA EntityManagerFactory for persistence unit 'default'
2025-09-27 13:42:14.212 [SpringApplicationShutdownHook] INFO  com.zaxxer.hikari.HikariDataSource - HikariPool-1 - Shutdown initiated...
2025-09-27 13:42:14.213 [SpringApplicationShutdownHook] INFO  com.zaxxer.hikari.HikariDataSource - HikariPool-1 - Shutdown completed.
2025-09-27 13:43:23.295 [main] INFO  c.e.p.ProfileServiceApplication - Starting ProfileServiceApplication using Java 21.0.8 with PID 324021 (/home/meetqintian/IdeaProjects/services/profile-service/target/classes started by meetqintian in /home/meetqintian/IdeaProjects/services/profile-service)
2025-09-27 13:43:23.296 [main] DEBUG c.e.p.ProfileServiceApplication - Running with Spring Boot v3.3.0, Spring v6.1.8
2025-09-27 13:43:23.297 [main] INFO  c.e.p.ProfileServiceApplication - No active profile set, falling back to 1 default profile: "default"
2025-09-27 13:43:23.607 [main] INFO  o.s.d.r.c.RepositoryConfigurationDelegate - Bootstrapping Spring Data JPA repositories in DEFAULT mode.
2025-09-27 13:43:23.635 [main] INFO  o.s.d.r.c.RepositoryConfigurationDelegate - Finished Spring Data repository scanning in 23 ms. Found 1 JPA repository interface.
2025-09-27 13:43:23.919 [main] INFO  o.s.b.w.e.tomcat.TomcatWebServer - Tomcat initialized with port 8084 (http)
2025-09-27 13:43:23.927 [main] INFO  o.a.catalina.core.StandardService - Starting service [Tomcat]
2025-09-27 13:43:23.927 [main] INFO  o.a.catalina.core.StandardEngine - Starting Servlet engine: [Apache Tomcat/10.1.24]
2025-09-27 13:43:23.952 [main] INFO  o.a.c.c.C.[Tomcat].[localhost].[/] - Initializing Spring embedded WebApplicationContext
2025-09-27 13:43:23.953 [main] INFO  o.s.b.w.s.c.ServletWebServerApplicationContext - Root WebApplicationContext: initialization completed in 637 ms
2025-09-27 13:43:23.980 [main] DEBUG c.e.p.s.JwtAuthenticationFilter - Filter 'jwtAuthenticationFilter' configured for use
2025-09-27 13:43:24.034 [main] INFO  o.h.jpa.internal.util.LogHelper - HHH000204: Processing PersistenceUnitInfo [name: default]
2025-09-27 13:43:24.054 [main] INFO  org.hibernate.Version - HHH000412: Hibernate ORM core version 6.5.2.Final
2025-09-27 13:43:24.078 [main] INFO  o.h.c.i.RegionFactoryInitiator - HHH000026: Second-level cache disabled
2025-09-27 13:43:24.208 [main] INFO  o.s.o.j.p.SpringPersistenceUnitInfo - No LoadTimeWeaver setup: ignoring JPA class transformer
2025-09-27 13:43:24.220 [main] INFO  com.zaxxer.hikari.HikariDataSource - HikariPool-1 - Starting...
2025-09-27 13:43:24.293 [main] INFO  com.zaxxer.hikari.pool.HikariPool - HikariPool-1 - Added connection org.postgresql.jdbc.PgConnection@44abdb1f
2025-09-27 13:43:24.294 [main] INFO  com.zaxxer.hikari.HikariDataSource - HikariPool-1 - Start completed.
2025-09-27 13:43:24.308 [main] WARN  org.hibernate.orm.deprecation - HHH90000025: PostgreSQLDialect does not need to be specified explicitly using 'hibernate.dialect' (remove the property setting and it will be selected by default)
2025-09-27 13:43:24.682 [main] INFO  o.h.e.t.j.p.i.JtaPlatformInitiator - HHH000489: No JTA platform available (set 'hibernate.transaction.jta.platform' to enable JTA platform integration)
2025-09-27 13:43:24.713 [main] INFO  o.s.o.j.LocalContainerEntityManagerFactoryBean - Initialized JPA EntityManagerFactory for persistence unit 'default'
2025-09-27 13:43:24.884 [main] WARN  o.s.b.a.o.j.JpaBaseConfiguration$JpaWebConfiguration - spring.jpa.open-in-view is enabled by default. Therefore, database queries may be performed during view rendering. Explicitly configure spring.jpa.open-in-view to disable this warning
2025-09-27 13:43:24.892 [main] WARN  o.s.b.a.s.s.UserDetailsServiceAutoConfiguration - 

Using generated security password: d46a3511-9f02-43bc-aa9c-92d3380c4b9d

This generated password is for development use only. Your security configuration must be updated before running your application in production.

2025-09-27 13:43:24.899 [main] INFO  o.s.s.c.a.a.c.InitializeUserDetailsBeanManagerConfigurer$InitializeUserDetailsManagerConfigurer - Global AuthenticationManager configured with UserDetailsService bean with name inMemoryUserDetailsManager
2025-09-27 13:43:24.957 [main] DEBUG o.s.w.s.m.m.a.RequestMappingHandlerMapping - 12 mappings in 'requestMappingHandlerMapping'
2025-09-27 13:43:24.994 [main] DEBUG o.s.w.s.h.SimpleUrlHandlerMapping - Patterns [/webjars/**, /**] in 'resourceHandlerMapping'
2025-09-27 13:43:25.015 [main] INFO  o.s.s.web.DefaultSecurityFilterChain - Will secure any request with [org.springframework.security.web.session.DisableEncodeUrlFilter@4babe06f, org.springframework.security.web.context.request.async.WebAsyncManagerIntegrationFilter@5c6be812, org.springframework.security.web.context.SecurityContextHolderFilter@32084a01, org.springframework.security.web.header.HeaderWriterFilter@6e475994, org.springframework.web.filter.CorsFilter@19ee0a2f, org.springframework.security.web.authentication.logout.LogoutFilter@69e736bf, com.example.profileservice.security.JwtAuthenticationFilter@5a917723, org.springframework.security.web.savedrequest.RequestCacheAwareFilter@2433bcd4, org.springframework.security.web.servletapi.SecurityContextHolderAwareRequestFilter@5f1a3c4, org.springframework.security.web.authentication.AnonymousAuthenticationFilter@28796d0e, org.springframework.security.web.access.ExceptionTranslationFilter@6b64921f, org.springframework.security.web.access.intercept.AuthorizationFilter@1ee126de]
2025-09-27 13:43:25.054 [main] DEBUG o.s.w.s.m.m.a.RequestMappingHandlerAdapter - ControllerAdvice beans: 0 @ModelAttribute, 0 @InitBinder, 1 RequestBodyAdvice, 1 ResponseBodyAdvice
2025-09-27 13:43:25.069 [main] DEBUG o.s.w.s.m.m.a.ExceptionHandlerExceptionResolver - ControllerAdvice beans: 0 @ExceptionHandler, 1 ResponseBodyAdvice
2025-09-27 13:43:25.114 [main] INFO  o.s.b.w.e.tomcat.TomcatWebServer - Tomcat started on port 8084 (http) with context path '/'
2025-09-27 13:43:25.118 [main] INFO  c.e.p.ProfileServiceApplication - Started ProfileServiceApplication in 2.059 seconds (process running for 2.218)
2025-09-27 13:43:35.436 [http-nio-8084-exec-1] INFO  o.a.c.c.C.[Tomcat].[localhost].[/] - Initializing Spring DispatcherServlet 'dispatcherServlet'
2025-09-27 13:43:35.437 [http-nio-8084-exec-1] INFO  o.s.web.servlet.DispatcherServlet - Initializing Servlet 'dispatcherServlet'
2025-09-27 13:43:35.437 [http-nio-8084-exec-1] DEBUG o.s.web.servlet.DispatcherServlet - Detected StandardServletMultipartResolver
2025-09-27 13:43:35.437 [http-nio-8084-exec-1] DEBUG o.s.web.servlet.DispatcherServlet - Detected AcceptHeaderLocaleResolver
2025-09-27 13:43:35.437 [http-nio-8084-exec-1] DEBUG o.s.web.servlet.DispatcherServlet - Detected FixedThemeResolver
2025-09-27 13:43:35.437 [http-nio-8084-exec-1] DEBUG o.s.web.servlet.DispatcherServlet - Detected org.springframework.web.servlet.view.DefaultRequestToViewNameTranslator@47f8374
2025-09-27 13:43:35.437 [http-nio-8084-exec-1] DEBUG o.s.web.servlet.DispatcherServlet - Detected org.springframework.web.servlet.support.SessionFlashMapManager@623d222
2025-09-27 13:43:35.438 [http-nio-8084-exec-1] DEBUG o.s.web.servlet.DispatcherServlet - enableLoggingRequestDetails='false': request parameters and headers will be masked to prevent unsafe logging of potentially sensitive data
2025-09-27 13:43:35.438 [http-nio-8084-exec-1] INFO  o.s.web.servlet.DispatcherServlet - Completed initialization in 1 ms
2025-09-27 13:43:35.449 [http-nio-8084-exec-1] DEBUG o.s.web.servlet.DispatcherServlet - GET "/actuator/health", parameters={}
2025-09-27 13:43:35.451 [http-nio-8084-exec-1] DEBUG o.s.w.s.h.SimpleUrlHandlerMapping - Mapped to ResourceHttpRequestHandler [classpath [META-INF/resources/], classpath [resources/], classpath [static/], classpath [public/], ServletContext [/]]
2025-09-27 13:43:35.454 [http-nio-8084-exec-1] DEBUG o.s.w.s.r.ResourceHttpRequestHandler - Resource not found
2025-09-27 13:43:35.458 [http-nio-8084-exec-1] DEBUG o.s.w.s.m.s.DefaultHandlerExceptionResolver - Resolved [org.springframework.web.servlet.resource.NoResourceFoundException: No static resource actuator/health.]
2025-09-27 13:43:35.458 [http-nio-8084-exec-1] DEBUG o.s.web.servlet.DispatcherServlet - Completed 404 NOT_FOUND
2025-09-27 13:44:09.514 [http-nio-8084-exec-4] DEBUG o.s.web.servlet.DispatcherServlet - POST "/api/profiles", parameters={}
2025-09-27 13:44:09.514 [http-nio-8084-exec-4] DEBUG o.s.w.s.m.m.a.RequestMappingHandlerMapping - Mapped to com.example.profileservice.controller.ProfileController#createProfile(ProfileCreateRequest, HttpServletRequest)
2025-09-27 13:44:09.539 [http-nio-8084-exec-4] DEBUG o.s.w.s.m.m.a.RequestResponseBodyMethodProcessor - Read "application/json;charset=UTF-8" to [com.example.profileservice.controller.ProfileController$ProfileCreateRequest@4c05dd11]
2025-09-27 13:44:09.550 [http-nio-8084-exec-4] DEBUG o.s.web.client.RestTemplate - HTTP POST http://localhost:8082/api/auth/validate-token
2025-09-27 13:44:09.553 [http-nio-8084-exec-4] DEBUG o.s.web.client.RestTemplate - Accept=[application/json, application/*+json]
2025-09-27 13:44:09.557 [http-nio-8084-exec-4] DEBUG o.s.web.client.RestTemplate - Writing [{token=eyJhbGciOiJIUzI1NiJ9.eyJzdWIiOiJhZG1pbiIsImlhdCI6MTc1ODk1MTg0OSwiZXhwIjoxNzU5MDM4MjQ5fQ.3Cm7R5BIID5vkBvnmDt2Kq-L94AXW8RFXF4B2wGFAX8, userId=27}] with org.springframework.http.converter.json.MappingJackson2HttpMessageConverter
2025-09-27 13:44:09.570 [http-nio-8084-exec-4] DEBUG o.s.web.client.RestTemplate - Response 200 OK
2025-09-27 13:44:09.571 [http-nio-8084-exec-4] DEBUG o.s.web.client.RestTemplate - Reading to [java.util.Map<?, ?>]
2025-09-27 13:44:09.676 [http-nio-8084-exec-4] DEBUG o.s.w.s.m.m.a.HttpEntityMethodProcessor - Using 'application/json', given [*/*] and supported [application/json, application/*+json]
2025-09-27 13:44:09.676 [http-nio-8084-exec-4] DEBUG o.s.w.s.m.m.a.HttpEntityMethodProcessor - Writing [com.example.profileservice.entity.Profile@52ac764d]
2025-09-27 13:44:09.678 [http-nio-8084-exec-4] DEBUG o.s.web.servlet.DispatcherServlet - Completed 200 OK
2025-09-27 13:44:09.692 [http-nio-8084-exec-6] DEBUG o.s.web.servlet.DispatcherServlet - GET "/api/profiles/27", parameters={}
2025-09-27 13:44:09.692 [http-nio-8084-exec-6] DEBUG o.s.w.s.m.m.a.RequestMappingHandlerMapping - Mapped to com.example.profileservice.controller.ProfileController#getProfile(Long, HttpServletRequest)
2025-09-27 13:44:09.696 [http-nio-8084-exec-6] DEBUG o.s.web.client.RestTemplate - HTTP POST http://localhost:8082/api/auth/validate-token
2025-09-27 13:44:09.696 [http-nio-8084-exec-6] DEBUG o.s.web.client.RestTemplate - Accept=[application/json, application/*+json]
2025-09-27 13:44:09.696 [http-nio-8084-exec-6] DEBUG o.s.web.client.RestTemplate - Writing [{token=eyJhbGciOiJIUzI1NiJ9.eyJzdWIiOiJhZG1pbiIsImlhdCI6MTc1ODk1MTg0OSwiZXhwIjoxNzU5MDM4MjQ5fQ.3Cm7R5BIID5vkBvnmDt2Kq-L94AXW8RFXF4B2wGFAX8, userId=27}] with org.springframework.http.converter.json.MappingJackson2HttpMessageConverter
2025-09-27 13:44:09.705 [http-nio-8084-exec-6] DEBUG o.s.web.client.RestTemplate - Response 200 OK
2025-09-27 13:44:09.706 [http-nio-8084-exec-6] DEBUG o.s.web.client.RestTemplate - Reading to [java.util.Map<?, ?>]
2025-09-27 13:44:09.721 [http-nio-8084-exec-6] DEBUG o.s.w.s.m.m.a.HttpEntityMethodProcessor - Using 'application/json', given [*/*] and supported [application/json, application/*+json]
2025-09-27 13:44:09.721 [http-nio-8084-exec-6] DEBUG o.s.w.s.m.m.a.HttpEntityMethodProcessor - Writing [com.example.profileservice.entity.Profile@61694d04]
2025-09-27 13:44:09.722 [http-nio-8084-exec-6] DEBUG o.s.web.servlet.DispatcherServlet - Completed 200 OK
2025-09-27 13:44:09.848 [http-nio-8084-exec-7] DEBUG o.s.web.servlet.DispatcherServlet - GET "/api/profiles/27", parameters={}
2025-09-27 13:44:09.849 [http-nio-8084-exec-7] DEBUG o.s.w.s.m.m.a.RequestMappingHandlerMapping - Mapped to com.example.profileservice.controller.ProfileController#getProfile(Long, HttpServletRequest)
2025-09-27 13:44:09.853 [http-nio-8084-exec-7] DEBUG o.s.web.client.RestTemplate - HTTP POST http://localhost:8082/api/auth/validate-token
2025-09-27 13:44:09.854 [http-nio-8084-exec-7] DEBUG o.s.web.client.RestTemplate - Accept=[application/json, application/*+json]
2025-09-27 13:44:09.854 [http-nio-8084-exec-7] DEBUG o.s.web.client.RestTemplate - Writing [{token=eyJhbGciOiJIUzI1NiJ9.eyJzdWIiOiJhZG1pbiIsImlhdCI6MTc1ODk1MTg0OSwiZXhwIjoxNzU5MDM4MjQ5fQ.3Cm7R5BIID5vkBvnmDt2Kq-L94AXW8RFXF4B2wGFAX8, userId=27}] with org.springframework.http.converter.json.MappingJackson2HttpMessageConverter
2025-09-27 13:44:09.869 [http-nio-8084-exec-7] DEBUG o.s.web.client.RestTemplate - Response 200 OK
2025-09-27 13:44:09.870 [http-nio-8084-exec-7] DEBUG o.s.web.client.RestTemplate - Reading to [java.util.Map<?, ?>]
2025-09-27 13:44:09.877 [http-nio-8084-exec-7] DEBUG o.s.w.s.m.m.a.HttpEntityMethodProcessor - Using 'application/json', given [*/*] and supported [application/json, application/*+json]
2025-09-27 13:44:09.877 [http-nio-8084-exec-7] DEBUG o.s.w.s.m.m.a.HttpEntityMethodProcessor - Writing [com.example.profileservice.entity.Profile@514f63c3]
2025-09-27 13:44:09.878 [http-nio-8084-exec-7] DEBUG o.s.web.servlet.DispatcherServlet - Completed 200 OK
