2025-09-27 12:49:31.710 [main] INFO  o.v.u.UserServiceApplication - Starting UserServiceApplication using Java 21.0.8 with PID 267096 (/home/meetqintian/IdeaProjects/services/user-service/target/classes started by meetqintian in /home/meetqintian/IdeaProjects/services/user-service)
2025-09-27 12:49:31.711 [main] DEBUG o.v.u.UserServiceApplication - Running with Spring Boot v3.3.0, Spring v6.1.8
2025-09-27 12:49:31.711 [main] INFO  o.v.u.UserServiceApplication - No active profile set, falling back to 1 default profile: "default"
2025-09-27 12:49:32.023 [main] INFO  o.s.d.r.c.RepositoryConfigurationDelegate - Bootstrapping Spring Data JPA repositories in DEFAULT mode.
2025-09-27 12:49:32.052 [main] INFO  o.s.d.r.c.RepositoryConfigurationDelegate - Finished Spring Data repository scanning in 25 ms. Found 1 JPA repository interface.
2025-09-27 12:49:32.326 [main] INFO  o.s.b.w.e.tomcat.TomcatWebServer - Tomcat initialized with port 8082 (http)
2025-09-27 12:49:32.334 [main] INFO  o.a.catalina.core.StandardService - Starting service [Tomcat]
2025-09-27 12:49:32.334 [main] INFO  o.a.catalina.core.StandardEngine - Starting Servlet engine: [Apache Tomcat/10.1.24]
2025-09-27 12:49:32.362 [main] INFO  o.a.c.c.C.[Tomcat].[localhost].[/] - Initializing Spring embedded WebApplicationContext
2025-09-27 12:49:32.362 [main] INFO  o.s.b.w.s.c.ServletWebServerApplicationContext - Root WebApplicationContext: initialization completed in 625 ms
2025-09-27 12:49:32.462 [main] INFO  o.h.jpa.internal.util.LogHelper - HHH000204: Processing PersistenceUnitInfo [name: default]
2025-09-27 12:49:32.485 [main] INFO  org.hibernate.Version - HHH000412: Hibernate ORM core version 6.5.2.Final
2025-09-27 12:49:32.501 [main] INFO  o.h.c.i.RegionFactoryInitiator - HHH000026: Second-level cache disabled
2025-09-27 12:49:32.627 [main] INFO  o.s.o.j.p.SpringPersistenceUnitInfo - No LoadTimeWeaver setup: ignoring JPA class transformer
2025-09-27 12:49:32.639 [main] INFO  com.zaxxer.hikari.HikariDataSource - HikariPool-1 - Starting...
2025-09-27 12:49:32.712 [main] INFO  com.zaxxer.hikari.pool.HikariPool - HikariPool-1 - Added connection org.postgresql.jdbc.PgConnection@9e62fb
2025-09-27 12:49:32.713 [main] INFO  com.zaxxer.hikari.HikariDataSource - HikariPool-1 - Start completed.
2025-09-27 12:49:32.728 [main] WARN  org.hibernate.orm.deprecation - HHH90000025: PostgreSQLDialect does not need to be specified explicitly using 'hibernate.dialect' (remove the property setting and it will be selected by default)
2025-09-27 12:49:33.132 [main] INFO  o.h.e.t.j.p.i.JtaPlatformInitiator - HHH000489: No JTA platform available (set 'hibernate.transaction.jta.platform' to enable JTA platform integration)
2025-09-27 12:49:33.158 [main] INFO  o.s.o.j.LocalContainerEntityManagerFactoryBean - Initialized JPA EntityManagerFactory for persistence unit 'default'
2025-09-27 12:49:33.303 [main] INFO  o.s.d.j.r.query.QueryEnhancerFactory - Hibernate is in classpath; If applicable, HQL parser will be used.
2025-09-27 12:49:33.542 [main] DEBUG o.v.u.s.JwtAuthenticationFilter - Filter 'jwtAuthenticationFilter' configured for use
2025-09-27 12:49:33.562 [main] INFO  o.v.u.s.DatabaseInitializationService - 开始初始化管理员用户...
2025-09-27 12:49:33.708 [main] INFO  o.v.u.s.DatabaseInitializationService - 管理员用户 admin 已存在且密码正确
2025-09-27 12:49:33.708 [main] INFO  o.v.u.s.DatabaseInitializationService - 管理员用户初始化完成
2025-09-27 12:49:33.742 [main] WARN  o.s.b.a.o.j.JpaBaseConfiguration$JpaWebConfiguration - spring.jpa.open-in-view is enabled by default. Therefore, database queries may be performed during view rendering. Explicitly configure spring.jpa.open-in-view to disable this warning
2025-09-27 12:49:33.756 [main] WARN  o.s.b.a.s.s.UserDetailsServiceAutoConfiguration - 

Using generated security password: bfbcc919-cb56-4dbd-8c19-142f5c3c8db3

This generated password is for development use only. Your security configuration must be updated before running your application in production.

2025-09-27 12:49:33.769 [main] INFO  o.s.s.c.a.a.c.InitializeUserDetailsBeanManagerConfigurer$InitializeUserDetailsManagerConfigurer - Global AuthenticationManager configured with UserDetailsService bean with name inMemoryUserDetailsManager
2025-09-27 12:49:33.840 [main] DEBUG o.s.w.s.m.m.a.RequestMappingHandlerMapping - 23 mappings in 'requestMappingHandlerMapping'
2025-09-27 12:49:33.880 [main] DEBUG o.s.w.s.h.SimpleUrlHandlerMapping - Patterns [/webjars/**, /**] in 'resourceHandlerMapping'
2025-09-27 12:49:33.902 [main] INFO  o.s.s.web.DefaultSecurityFilterChain - Will secure any request with [org.springframework.security.web.session.DisableEncodeUrlFilter@d5d9d92, org.springframework.security.web.context.request.async.WebAsyncManagerIntegrationFilter@347c7b, org.springframework.security.web.context.SecurityContextHolderFilter@54950027, org.springframework.security.web.header.HeaderWriterFilter@4dd11699, org.springframework.web.filter.CorsFilter@126f428e, org.springframework.security.web.authentication.logout.LogoutFilter@8b329ae, org.verytogether.userservice.security.JwtAuthenticationFilter@97e9568, org.springframework.security.web.savedrequest.RequestCacheAwareFilter@2eb95662, org.springframework.security.web.servletapi.SecurityContextHolderAwareRequestFilter@31efe094, org.springframework.security.web.authentication.AnonymousAuthenticationFilter@201a84e1, org.springframework.security.web.access.ExceptionTranslationFilter@5066a895, org.springframework.security.web.access.intercept.AuthorizationFilter@18c2b4c6]
2025-09-27 12:49:33.937 [main] DEBUG o.s.w.s.m.m.a.RequestMappingHandlerAdapter - ControllerAdvice beans: 0 @ModelAttribute, 0 @InitBinder, 1 RequestBodyAdvice, 1 ResponseBodyAdvice
2025-09-27 12:49:33.952 [main] DEBUG o.s.w.s.m.m.a.ExceptionHandlerExceptionResolver - ControllerAdvice beans: 0 @ExceptionHandler, 1 ResponseBodyAdvice
2025-09-27 12:49:34.000 [main] INFO  o.s.b.w.e.tomcat.TomcatWebServer - Tomcat started on port 8082 (http) with context path '/'
2025-09-27 12:49:34.004 [main] INFO  o.v.u.UserServiceApplication - Started UserServiceApplication in 2.515 seconds (process running for 2.667)
2025-09-27 13:32:52.025 [http-nio-8082-exec-1] INFO  o.a.c.c.C.[Tomcat].[localhost].[/] - Initializing Spring DispatcherServlet 'dispatcherServlet'
2025-09-27 13:32:52.025 [http-nio-8082-exec-1] INFO  o.s.web.servlet.DispatcherServlet - Initializing Servlet 'dispatcherServlet'
2025-09-27 13:32:52.025 [http-nio-8082-exec-1] DEBUG o.s.web.servlet.DispatcherServlet - Detected StandardServletMultipartResolver
2025-09-27 13:32:52.026 [http-nio-8082-exec-1] DEBUG o.s.web.servlet.DispatcherServlet - Detected AcceptHeaderLocaleResolver
2025-09-27 13:32:52.026 [http-nio-8082-exec-1] DEBUG o.s.web.servlet.DispatcherServlet - Detected FixedThemeResolver
2025-09-27 13:32:52.026 [http-nio-8082-exec-1] DEBUG o.s.web.servlet.DispatcherServlet - Detected org.springframework.web.servlet.view.DefaultRequestToViewNameTranslator@549fc0b3
2025-09-27 13:32:52.026 [http-nio-8082-exec-1] DEBUG o.s.web.servlet.DispatcherServlet - Detected org.springframework.web.servlet.support.SessionFlashMapManager@71fd082
2025-09-27 13:32:52.026 [http-nio-8082-exec-1] DEBUG o.s.web.servlet.DispatcherServlet - enableLoggingRequestDetails='false': request parameters and headers will be masked to prevent unsafe logging of potentially sensitive data
2025-09-27 13:32:52.026 [http-nio-8082-exec-1] INFO  o.s.web.servlet.DispatcherServlet - Completed initialization in 1 ms
2025-09-27 13:32:52.051 [http-nio-8082-exec-2] DEBUG o.s.web.servlet.DispatcherServlet - POST "/api/auth/login", parameters={}
2025-09-27 13:32:52.052 [http-nio-8082-exec-2] DEBUG o.s.w.s.m.m.a.RequestMappingHandlerMapping - Mapped to org.verytogether.userservice.controller.AuthController#login(Map)
2025-09-27 13:32:52.076 [http-nio-8082-exec-2] DEBUG o.s.w.s.m.m.a.RequestResponseBodyMethodProcessor - Read "application/json;charset=UTF-8" to [{username=admin, password=admin123}]
2025-09-27 13:32:52.187 [http-nio-8082-exec-2] DEBUG o.s.w.s.m.m.a.HttpEntityMethodProcessor - Using 'application/json', given [*/*] and supported [application/json, application/*+json]
2025-09-27 13:32:52.188 [http-nio-8082-exec-2] DEBUG o.s.w.s.m.m.a.HttpEntityMethodProcessor - Writing [{user={role=SUPER_ADMIN, fullName=System Administrator, id=12, email=admin@system.local, username=ad (truncated)...]
2025-09-27 13:32:52.192 [http-nio-8082-exec-2] DEBUG o.s.web.servlet.DispatcherServlet - Completed 200 OK
2025-09-27 13:32:52.323 [http-nio-8082-exec-4] DEBUG o.s.web.servlet.DispatcherServlet - GET "/api/users", parameters={}
2025-09-27 13:32:52.323 [http-nio-8082-exec-4] DEBUG o.s.w.s.m.m.a.RequestMappingHandlerMapping - Mapped to org.verytogether.userservice.controller.UserController#getAllUsers(HttpServletRequest)
2025-09-27 13:32:52.341 [http-nio-8082-exec-4] DEBUG o.s.w.s.m.m.a.HttpEntityMethodProcessor - Using 'application/json', given [*/*] and supported [application/json, application/*+json]
2025-09-27 13:32:52.341 [http-nio-8082-exec-4] DEBUG o.s.w.s.m.m.a.HttpEntityMethodProcessor - Writing [[org.verytogether.userservice.model.User@738e5515, org.verytogether.userservice.model.User@213c20a4, (truncated)...]
2025-09-27 13:32:52.351 [http-nio-8082-exec-4] DEBUG o.s.web.servlet.DispatcherServlet - Completed 200 OK
2025-09-27 13:33:00.773 [http-nio-8082-exec-5] DEBUG o.s.web.servlet.DispatcherServlet - POST "/api/auth/login", parameters={}
2025-09-27 13:33:00.774 [http-nio-8082-exec-5] DEBUG o.s.w.s.m.m.a.RequestMappingHandlerMapping - Mapped to org.verytogether.userservice.controller.AuthController#login(Map)
2025-09-27 13:33:00.776 [http-nio-8082-exec-5] DEBUG o.s.w.s.m.m.a.RequestResponseBodyMethodProcessor - Read "application/json;charset=UTF-8" to [{username=23101100526, password=123456}]
2025-09-27 13:33:00.783 [http-nio-8082-exec-5] DEBUG o.s.w.s.m.m.a.HttpEntityMethodProcessor - Using 'application/json', given [*/*] and supported [application/json, application/*+json]
2025-09-27 13:33:00.784 [http-nio-8082-exec-5] DEBUG o.s.w.s.m.m.a.HttpEntityMethodProcessor - Writing [{error=用户名或密码错误}]
2025-09-27 13:33:00.785 [http-nio-8082-exec-5] DEBUG o.s.web.servlet.DispatcherServlet - Completed 400 BAD_REQUEST
2025-09-27 13:33:09.345 [http-nio-8082-exec-6] DEBUG o.s.web.servlet.DispatcherServlet - POST "/api/auth/login", parameters={}
2025-09-27 13:33:09.346 [http-nio-8082-exec-6] DEBUG o.s.w.s.m.m.a.RequestMappingHandlerMapping - Mapped to org.verytogether.userservice.controller.AuthController#login(Map)
2025-09-27 13:33:09.347 [http-nio-8082-exec-6] DEBUG o.s.w.s.m.m.a.RequestResponseBodyMethodProcessor - Read "application/json;charset=UTF-8" to [{username=23101100526, password=qwer1234}]
2025-09-27 13:33:09.352 [http-nio-8082-exec-6] DEBUG o.s.w.s.m.m.a.HttpEntityMethodProcessor - Using 'application/json', given [*/*] and supported [application/json, application/*+json]
2025-09-27 13:33:09.352 [http-nio-8082-exec-6] DEBUG o.s.w.s.m.m.a.HttpEntityMethodProcessor - Writing [{error=用户名或密码错误}]
2025-09-27 13:33:09.354 [http-nio-8082-exec-6] DEBUG o.s.web.servlet.DispatcherServlet - Completed 400 BAD_REQUEST
2025-09-27 13:33:20.578 [http-nio-8082-exec-7] DEBUG o.s.web.servlet.DispatcherServlet - POST "/api/auth/login", parameters={}
2025-09-27 13:33:20.579 [http-nio-8082-exec-7] DEBUG o.s.w.s.m.m.a.RequestMappingHandlerMapping - Mapped to org.verytogether.userservice.controller.AuthController#login(Map)
2025-09-27 13:33:20.580 [http-nio-8082-exec-7] DEBUG o.s.w.s.m.m.a.RequestResponseBodyMethodProcessor - Read "application/json;charset=UTF-8" to [{username=admin, password=admin123}]
2025-09-27 13:33:20.671 [http-nio-8082-exec-7] DEBUG o.s.w.s.m.m.a.HttpEntityMethodProcessor - Using 'application/json', given [*/*] and supported [application/json, application/*+json]
2025-09-27 13:33:20.671 [http-nio-8082-exec-7] DEBUG o.s.w.s.m.m.a.HttpEntityMethodProcessor - Writing [{user={role=SUPER_ADMIN, fullName=System Administrator, id=12, email=admin@system.local, username=ad (truncated)...]
2025-09-27 13:33:20.672 [http-nio-8082-exec-7] DEBUG o.s.web.servlet.DispatcherServlet - Completed 200 OK
2025-09-27 13:33:20.864 [http-nio-8082-exec-8] DEBUG o.s.web.servlet.DispatcherServlet - GET "/api/users", parameters={}
2025-09-27 13:33:20.865 [http-nio-8082-exec-8] DEBUG o.s.w.s.m.m.a.RequestMappingHandlerMapping - Mapped to org.verytogether.userservice.controller.UserController#getAllUsers(HttpServletRequest)
2025-09-27 13:33:20.874 [http-nio-8082-exec-8] DEBUG o.s.w.s.m.m.a.HttpEntityMethodProcessor - Using 'application/json', given [*/*] and supported [application/json, application/*+json]
2025-09-27 13:33:20.875 [http-nio-8082-exec-8] DEBUG o.s.w.s.m.m.a.HttpEntityMethodProcessor - Writing [[org.verytogether.userservice.model.User@31664a0d, org.verytogether.userservice.model.User@6a390619, (truncated)...]
2025-09-27 13:33:20.876 [http-nio-8082-exec-8] DEBUG o.s.web.servlet.DispatcherServlet - Completed 200 OK
2025-09-27 13:33:42.491 [http-nio-8082-exec-1] DEBUG o.s.web.servlet.DispatcherServlet - POST "/api/users", parameters={}
2025-09-27 13:33:42.491 [http-nio-8082-exec-1] DEBUG o.s.w.s.m.m.a.RequestMappingHandlerMapping - Mapped to org.verytogether.userservice.controller.UserController#createUser(User, HttpServletRequest)
2025-09-27 13:33:42.509 [http-nio-8082-exec-1] DEBUG o.s.w.s.m.m.a.RequestResponseBodyMethodProcessor - Read "application/json;charset=UTF-8" to [org.verytogether.userservice.model.User@7a2fd494]
2025-09-27 13:33:42.606 [http-nio-8082-exec-1] DEBUG o.s.w.s.m.m.a.HttpEntityMethodProcessor - Using 'application/json', given [*/*] and supported [application/json, application/*+json]
2025-09-27 13:33:42.606 [http-nio-8082-exec-1] DEBUG o.s.w.s.m.m.a.HttpEntityMethodProcessor - Writing [org.verytogether.userservice.model.User@7a2fd494]
2025-09-27 13:33:42.606 [http-nio-8082-exec-1] DEBUG o.s.web.servlet.DispatcherServlet - Completed 201 CREATED
2025-09-27 13:33:42.615 [http-nio-8082-exec-2] DEBUG o.s.web.servlet.DispatcherServlet - GET "/api/users", parameters={}
2025-09-27 13:33:42.615 [http-nio-8082-exec-2] DEBUG o.s.w.s.m.m.a.RequestMappingHandlerMapping - Mapped to org.verytogether.userservice.controller.UserController#getAllUsers(HttpServletRequest)
2025-09-27 13:33:42.622 [http-nio-8082-exec-2] DEBUG o.s.w.s.m.m.a.HttpEntityMethodProcessor - Using 'application/json', given [*/*] and supported [application/json, application/*+json]
2025-09-27 13:33:42.622 [http-nio-8082-exec-2] DEBUG o.s.w.s.m.m.a.HttpEntityMethodProcessor - Writing [[org.verytogether.userservice.model.User@6a00eee3, org.verytogether.userservice.model.User@3c647cd8, (truncated)...]
2025-09-27 13:33:42.622 [http-nio-8082-exec-2] DEBUG o.s.web.servlet.DispatcherServlet - Completed 200 OK
2025-09-27 13:33:53.890 [http-nio-8082-exec-3] DEBUG o.s.web.servlet.DispatcherServlet - POST "/api/auth/login", parameters={}
2025-09-27 13:33:53.891 [http-nio-8082-exec-3] DEBUG o.s.w.s.m.m.a.RequestMappingHandlerMapping - Mapped to org.verytogether.userservice.controller.AuthController#login(Map)
2025-09-27 13:33:53.892 [http-nio-8082-exec-3] DEBUG o.s.w.s.m.m.a.RequestResponseBodyMethodProcessor - Read "application/json;charset=UTF-8" to [{username=23101100526, password=123456}]
2025-09-27 13:33:53.980 [http-nio-8082-exec-3] DEBUG o.s.w.s.m.m.a.HttpEntityMethodProcessor - Using 'application/json', given [*/*] and supported [application/json, application/*+json]
2025-09-27 13:33:53.980 [http-nio-8082-exec-3] DEBUG o.s.w.s.m.m.a.HttpEntityMethodProcessor - Writing [{user={role=STUDENT, fullName=null, id=10, email=, username=23101100526}, token=eyJhbGciOiJIUzI1NiJ9 (truncated)...]
2025-09-27 13:33:53.981 [http-nio-8082-exec-3] DEBUG o.s.web.servlet.DispatcherServlet - Completed 200 OK
2025-09-27 13:33:54.336 [http-nio-8082-exec-4] DEBUG o.s.web.servlet.DispatcherServlet - POST "/api/auth/validate-token", parameters={}
2025-09-27 13:33:54.336 [http-nio-8082-exec-4] DEBUG o.s.w.s.m.m.a.RequestMappingHandlerMapping - Mapped to org.verytogether.userservice.controller.TokenValidationController#validateToken(Map)
2025-09-27 13:33:54.343 [http-nio-8082-exec-4] DEBUG o.s.w.s.m.m.a.RequestResponseBodyMethodProcessor - Read "application/json;charset=UTF-8" to [{userId=10, token=eyJhbGciOiJIUzI1NiJ9.eyJzdWIiOiIyMzEwMTEwMDUyNiIsImlhdCI6MTc1ODk1MTIzMywiZXhwIjoxN (truncated)...]
2025-09-27 13:33:54.350 [http-nio-8082-exec-4] DEBUG o.s.w.s.m.m.a.HttpEntityMethodProcessor - Using 'application/json', given [application/json, application/*+json] and supported [application/json, application/*+json]
2025-09-27 13:33:54.350 [http-nio-8082-exec-4] DEBUG o.s.w.s.m.m.a.HttpEntityMethodProcessor - Writing [{role=STUDENT, userId=10, username=23101100526, valid=true}]
2025-09-27 13:33:54.351 [http-nio-8082-exec-4] DEBUG o.s.web.servlet.DispatcherServlet - Completed 200 OK
2025-09-27 13:40:21.461 [http-nio-8082-exec-7] DEBUG o.s.web.servlet.DispatcherServlet - POST "/api/auth/login", parameters={}
2025-09-27 13:40:21.461 [http-nio-8082-exec-7] DEBUG o.s.w.s.m.m.a.RequestMappingHandlerMapping - Mapped to org.verytogether.userservice.controller.AuthController#login(Map)
2025-09-27 13:40:21.462 [http-nio-8082-exec-7] DEBUG o.s.w.s.m.m.a.RequestResponseBodyMethodProcessor - Read "application/json;charset=UTF-8" to [{username=admin, password=admin123}]
2025-09-27 13:40:21.544 [http-nio-8082-exec-7] DEBUG o.s.w.s.m.m.a.HttpEntityMethodProcessor - Using 'application/json', given [*/*] and supported [application/json, application/*+json]
2025-09-27 13:40:21.544 [http-nio-8082-exec-7] DEBUG o.s.w.s.m.m.a.HttpEntityMethodProcessor - Writing [{user={role=SUPER_ADMIN, fullName=System Administrator, id=12, email=admin@system.local, username=ad (truncated)...]
2025-09-27 13:40:21.544 [http-nio-8082-exec-7] DEBUG o.s.web.servlet.DispatcherServlet - Completed 200 OK
2025-09-27 13:40:21.564 [http-nio-8082-exec-9] DEBUG o.s.web.servlet.DispatcherServlet - POST "/api/users", parameters={}
2025-09-27 13:40:21.565 [http-nio-8082-exec-9] DEBUG o.s.w.s.m.m.a.RequestMappingHandlerMapping - Mapped to org.verytogether.userservice.controller.UserController#createUser(User, HttpServletRequest)
2025-09-27 13:40:21.569 [http-nio-8082-exec-9] DEBUG o.s.w.s.m.m.a.RequestResponseBodyMethodProcessor - Read "application/json;charset=UTF-8" to [org.verytogether.userservice.model.User@7a87d8ad]
2025-09-27 13:40:21.659 [http-nio-8082-exec-9] WARN  o.h.e.jdbc.spi.SqlExceptionHelper - SQL Error: 0, SQLState: 23514
2025-09-27 13:40:21.659 [http-nio-8082-exec-9] ERROR o.h.e.jdbc.spi.SqlExceptionHelper - ERROR: new row for relation "users" violates check constraint "chk_username_format"
  详细：Failing row contains (11, 2025-09-27 13:40:21.569444, testdelete@example.com, Test User Delete, t, $2a$10$uC9xVNiGiSAAIxszctnhAOT9wchKraaRxx2H/55VOeEi4sEXiQW.i, 2025-09-27 13:40:21.569451, testuser_delete, STUDENT).
2025-09-27 13:40:21.663 [http-nio-8082-exec-9] DEBUG o.s.w.s.m.m.a.HttpEntityMethodProcessor - Using 'application/json', given [*/*] and supported [application/json, application/*+json]
2025-09-27 13:40:21.664 [http-nio-8082-exec-9] DEBUG o.s.w.s.m.m.a.HttpEntityMethodProcessor - Writing [{error=could not execute statement [ERROR: new row for relation "users" violates check constraint "c (truncated)...]
2025-09-27 13:40:21.664 [http-nio-8082-exec-9] DEBUG o.s.web.servlet.DispatcherServlet - Completed 400 BAD_REQUEST
2025-09-27 13:40:52.496 [http-nio-8082-exec-10] DEBUG o.s.web.servlet.DispatcherServlet - POST "/api/auth/login", parameters={}
2025-09-27 13:40:52.496 [http-nio-8082-exec-10] DEBUG o.s.w.s.m.m.a.RequestMappingHandlerMapping - Mapped to org.verytogether.userservice.controller.AuthController#login(Map)
2025-09-27 13:40:52.497 [http-nio-8082-exec-10] DEBUG o.s.w.s.m.m.a.RequestResponseBodyMethodProcessor - Read "application/json;charset=UTF-8" to [{username=admin, password=admin123}]
2025-09-27 13:40:52.598 [http-nio-8082-exec-10] DEBUG o.s.w.s.m.m.a.HttpEntityMethodProcessor - Using 'application/json', given [*/*] and supported [application/json, application/*+json]
2025-09-27 13:40:52.598 [http-nio-8082-exec-10] DEBUG o.s.w.s.m.m.a.HttpEntityMethodProcessor - Writing [{user={role=SUPER_ADMIN, fullName=System Administrator, id=12, email=admin@system.local, username=ad (truncated)...]
2025-09-27 13:40:52.599 [http-nio-8082-exec-10] DEBUG o.s.web.servlet.DispatcherServlet - Completed 200 OK
2025-09-27 13:40:52.612 [http-nio-8082-exec-2] DEBUG o.s.web.servlet.DispatcherServlet - POST "/api/users", parameters={}
2025-09-27 13:40:52.613 [http-nio-8082-exec-2] DEBUG o.s.w.s.m.m.a.RequestMappingHandlerMapping - Mapped to org.verytogether.userservice.controller.UserController#createUser(User, HttpServletRequest)
2025-09-27 13:40:52.616 [http-nio-8082-exec-2] DEBUG o.s.w.s.m.m.a.RequestResponseBodyMethodProcessor - Read "application/json;charset=UTF-8" to [org.verytogether.userservice.model.User@645ccfb6]
2025-09-27 13:40:52.699 [http-nio-8082-exec-2] WARN  o.h.e.jdbc.spi.SqlExceptionHelper - SQL Error: 0, SQLState: 23505
2025-09-27 13:40:52.699 [http-nio-8082-exec-2] ERROR o.h.e.jdbc.spi.SqlExceptionHelper - ERROR: duplicate key value violates unique constraint "users_pkey"
  详细：Key (id)=(12) already exists.
2025-09-27 13:40:52.700 [http-nio-8082-exec-2] DEBUG o.s.w.s.m.m.a.HttpEntityMethodProcessor - Using 'application/json', given [*/*] and supported [application/json, application/*+json]
2025-09-27 13:40:52.700 [http-nio-8082-exec-2] DEBUG o.s.w.s.m.m.a.HttpEntityMethodProcessor - Writing [{error=could not execute statement [ERROR: duplicate key value violates unique constraint "users_pke (truncated)...]
2025-09-27 13:40:52.701 [http-nio-8082-exec-2] DEBUG o.s.web.servlet.DispatcherServlet - Completed 400 BAD_REQUEST
2025-09-27 13:41:16.690 [http-nio-8082-exec-3] DEBUG o.s.web.servlet.DispatcherServlet - POST "/api/auth/login", parameters={}
2025-09-27 13:41:16.690 [http-nio-8082-exec-3] DEBUG o.s.w.s.m.m.a.RequestMappingHandlerMapping - Mapped to org.verytogether.userservice.controller.AuthController#login(Map)
2025-09-27 13:41:16.691 [http-nio-8082-exec-3] DEBUG o.s.w.s.m.m.a.RequestResponseBodyMethodProcessor - Read "application/json;charset=UTF-8" to [{username=admin, password=admin123}]
2025-09-27 13:41:16.776 [http-nio-8082-exec-3] DEBUG o.s.w.s.m.m.a.HttpEntityMethodProcessor - Using 'application/json', given [*/*] and supported [application/json, application/*+json]
2025-09-27 13:41:16.776 [http-nio-8082-exec-3] DEBUG o.s.w.s.m.m.a.HttpEntityMethodProcessor - Writing [{user={role=SUPER_ADMIN, fullName=System Administrator, id=12, email=admin@system.local, username=ad (truncated)...]
2025-09-27 13:41:16.777 [http-nio-8082-exec-3] DEBUG o.s.web.servlet.DispatcherServlet - Completed 200 OK
2025-09-27 13:41:16.792 [http-nio-8082-exec-5] DEBUG o.s.web.servlet.DispatcherServlet - POST "/api/users", parameters={}
2025-09-27 13:41:16.792 [http-nio-8082-exec-5] DEBUG o.s.w.s.m.m.a.RequestMappingHandlerMapping - Mapped to org.verytogether.userservice.controller.UserController#createUser(User, HttpServletRequest)
2025-09-27 13:41:16.796 [http-nio-8082-exec-5] DEBUG o.s.w.s.m.m.a.RequestResponseBodyMethodProcessor - Read "application/json;charset=UTF-8" to [org.verytogether.userservice.model.User@16be3eaf]
2025-09-27 13:41:16.885 [http-nio-8082-exec-5] DEBUG o.s.w.s.m.m.a.HttpEntityMethodProcessor - Using 'application/json', given [*/*] and supported [application/json, application/*+json]
2025-09-27 13:41:16.885 [http-nio-8082-exec-5] DEBUG o.s.w.s.m.m.a.HttpEntityMethodProcessor - Writing [org.verytogether.userservice.model.User@16be3eaf]
2025-09-27 13:41:16.886 [http-nio-8082-exec-5] DEBUG o.s.web.servlet.DispatcherServlet - Completed 201 CREATED
2025-09-27 13:41:16.943 [http-nio-8082-exec-7] DEBUG o.s.web.servlet.DispatcherServlet - POST "/api/auth/validate-token", parameters={}
2025-09-27 13:41:16.944 [http-nio-8082-exec-7] DEBUG o.s.w.s.m.m.a.RequestMappingHandlerMapping - Mapped to org.verytogether.userservice.controller.TokenValidationController#validateToken(Map)
2025-09-27 13:41:16.944 [http-nio-8082-exec-7] DEBUG o.s.w.s.m.m.a.RequestResponseBodyMethodProcessor - Read "application/json;charset=UTF-8" to [{userId=23, token=eyJhbGciOiJIUzI1NiJ9.eyJzdWIiOiJhZG1pbiIsImlhdCI6MTc1ODk1MTY3NiwiZXhwIjoxNzU5MDM4M (truncated)...]
2025-09-27 13:41:16.948 [http-nio-8082-exec-7] DEBUG o.s.w.s.m.m.a.HttpEntityMethodProcessor - Using 'application/json', given [application/json, application/*+json] and supported [application/json, application/*+json]
2025-09-27 13:41:16.948 [http-nio-8082-exec-7] DEBUG o.s.w.s.m.m.a.HttpEntityMethodProcessor - Writing [{role=SUPER_ADMIN, userId=12, username=admin, valid=false}]
2025-09-27 13:41:16.949 [http-nio-8082-exec-7] DEBUG o.s.web.servlet.DispatcherServlet - Completed 200 OK
2025-09-27 13:41:47.973 [http-nio-8082-exec-8] DEBUG o.s.web.servlet.DispatcherServlet - POST "/api/auth/login", parameters={}
2025-09-27 13:41:47.973 [http-nio-8082-exec-8] DEBUG o.s.w.s.m.m.a.RequestMappingHandlerMapping - Mapped to org.verytogether.userservice.controller.AuthController#login(Map)
2025-09-27 13:41:47.974 [http-nio-8082-exec-8] DEBUG o.s.w.s.m.m.a.RequestResponseBodyMethodProcessor - Read "application/json;charset=UTF-8" to [{username=admin, password=admin123}]
2025-09-27 13:41:48.074 [http-nio-8082-exec-8] DEBUG o.s.w.s.m.m.a.HttpEntityMethodProcessor - Using 'application/json', given [*/*] and supported [application/json, application/*+json]
2025-09-27 13:41:48.074 [http-nio-8082-exec-8] DEBUG o.s.w.s.m.m.a.HttpEntityMethodProcessor - Writing [{user={role=SUPER_ADMIN, fullName=System Administrator, id=12, email=admin@system.local, username=ad (truncated)...]
2025-09-27 13:41:48.075 [http-nio-8082-exec-8] DEBUG o.s.web.servlet.DispatcherServlet - Completed 200 OK
2025-09-27 13:41:48.089 [http-nio-8082-exec-9] DEBUG o.s.web.servlet.DispatcherServlet - POST "/api/users", parameters={}
2025-09-27 13:41:48.089 [http-nio-8082-exec-9] DEBUG o.s.w.s.m.m.a.RequestMappingHandlerMapping - Mapped to org.verytogether.userservice.controller.UserController#createUser(User, HttpServletRequest)
2025-09-27 13:41:48.092 [http-nio-8082-exec-9] DEBUG o.s.w.s.m.m.a.RequestResponseBodyMethodProcessor - Read "application/json;charset=UTF-8" to [org.verytogether.userservice.model.User@6d194086]
2025-09-27 13:41:48.095 [http-nio-8082-exec-9] DEBUG o.s.w.s.m.m.a.HttpEntityMethodProcessor - Using 'application/json', given [*/*] and supported [application/json, application/*+json]
2025-09-27 13:41:48.095 [http-nio-8082-exec-9] DEBUG o.s.w.s.m.m.a.HttpEntityMethodProcessor - Writing [{error=Username already exists}]
2025-09-27 13:41:48.095 [http-nio-8082-exec-9] DEBUG o.s.web.servlet.DispatcherServlet - Completed 400 BAD_REQUEST
2025-09-27 13:41:59.824 [http-nio-8082-exec-10] DEBUG o.s.web.servlet.DispatcherServlet - POST "/api/auth/login", parameters={}
2025-09-27 13:41:59.824 [http-nio-8082-exec-10] DEBUG o.s.w.s.m.m.a.RequestMappingHandlerMapping - Mapped to org.verytogether.userservice.controller.AuthController#login(Map)
2025-09-27 13:41:59.825 [http-nio-8082-exec-10] DEBUG o.s.w.s.m.m.a.RequestResponseBodyMethodProcessor - Read "application/json;charset=UTF-8" to [{username=admin, password=admin123}]
2025-09-27 13:41:59.904 [http-nio-8082-exec-10] DEBUG o.s.w.s.m.m.a.HttpEntityMethodProcessor - Using 'application/json', given [*/*] and supported [application/json, application/*+json]
2025-09-27 13:41:59.905 [http-nio-8082-exec-10] DEBUG o.s.w.s.m.m.a.HttpEntityMethodProcessor - Writing [{user={role=SUPER_ADMIN, fullName=System Administrator, id=12, email=admin@system.local, username=ad (truncated)...]
2025-09-27 13:41:59.905 [http-nio-8082-exec-10] DEBUG o.s.web.servlet.DispatcherServlet - Completed 200 OK
2025-09-27 13:41:59.920 [http-nio-8082-exec-2] DEBUG o.s.web.servlet.DispatcherServlet - POST "/api/users", parameters={}
2025-09-27 13:41:59.920 [http-nio-8082-exec-2] DEBUG o.s.w.s.m.m.a.RequestMappingHandlerMapping - Mapped to org.verytogether.userservice.controller.UserController#createUser(User, HttpServletRequest)
2025-09-27 13:41:59.923 [http-nio-8082-exec-2] DEBUG o.s.w.s.m.m.a.RequestResponseBodyMethodProcessor - Read "application/json;charset=UTF-8" to [org.verytogether.userservice.model.User@59c6d5d3]
2025-09-27 13:42:00.005 [http-nio-8082-exec-2] DEBUG o.s.w.s.m.m.a.HttpEntityMethodProcessor - Using 'application/json', given [*/*] and supported [application/json, application/*+json]
2025-09-27 13:42:00.005 [http-nio-8082-exec-2] DEBUG o.s.w.s.m.m.a.HttpEntityMethodProcessor - Writing [org.verytogether.userservice.model.User@59c6d5d3]
2025-09-27 13:42:00.006 [http-nio-8082-exec-2] DEBUG o.s.web.servlet.DispatcherServlet - Completed 201 CREATED
2025-09-27 13:42:00.024 [http-nio-8082-exec-4] DEBUG o.s.web.servlet.DispatcherServlet - POST "/api/auth/validate-token", parameters={}
2025-09-27 13:42:00.024 [http-nio-8082-exec-4] DEBUG o.s.w.s.m.m.a.RequestMappingHandlerMapping - Mapped to org.verytogether.userservice.controller.TokenValidationController#validateToken(Map)
2025-09-27 13:42:00.025 [http-nio-8082-exec-4] DEBUG o.s.w.s.m.m.a.RequestResponseBodyMethodProcessor - Read "application/json;charset=UTF-8" to [{userId=24, token=eyJhbGciOiJIUzI1NiJ9.eyJzdWIiOiJhZG1pbiIsImlhdCI6MTc1ODk1MTcxOSwiZXhwIjoxNzU5MDM4M (truncated)...]
2025-09-27 13:42:00.029 [http-nio-8082-exec-4] DEBUG o.s.w.s.m.m.a.HttpEntityMethodProcessor - Using 'application/json', given [application/json, application/*+json] and supported [application/json, application/*+json]
2025-09-27 13:42:00.029 [http-nio-8082-exec-4] DEBUG o.s.w.s.m.m.a.HttpEntityMethodProcessor - Writing [{role=SUPER_ADMIN, userId=12, username=admin, valid=false}]
2025-09-27 13:42:00.029 [http-nio-8082-exec-4] DEBUG o.s.web.servlet.DispatcherServlet - Completed 200 OK
2025-09-27 13:42:27.015 [http-nio-8082-exec-6] DEBUG o.s.web.servlet.DispatcherServlet - POST "/api/auth/login", parameters={}
2025-09-27 13:42:27.016 [http-nio-8082-exec-6] DEBUG o.s.w.s.m.m.a.RequestMappingHandlerMapping - Mapped to org.verytogether.userservice.controller.AuthController#login(Map)
2025-09-27 13:42:27.017 [http-nio-8082-exec-6] DEBUG o.s.w.s.m.m.a.RequestResponseBodyMethodProcessor - Read "application/json;charset=UTF-8" to [{username=admin, password=admin123}]
2025-09-27 13:42:27.111 [http-nio-8082-exec-6] DEBUG o.s.w.s.m.m.a.HttpEntityMethodProcessor - Using 'application/json', given [*/*] and supported [application/json, application/*+json]
2025-09-27 13:42:27.112 [http-nio-8082-exec-6] DEBUG o.s.w.s.m.m.a.HttpEntityMethodProcessor - Writing [{user={role=SUPER_ADMIN, fullName=System Administrator, id=12, email=admin@system.local, username=ad (truncated)...]
2025-09-27 13:42:27.112 [http-nio-8082-exec-6] DEBUG o.s.web.servlet.DispatcherServlet - Completed 200 OK
2025-09-27 13:42:27.125 [http-nio-8082-exec-8] DEBUG o.s.web.servlet.DispatcherServlet - POST "/api/users", parameters={}
2025-09-27 13:42:27.126 [http-nio-8082-exec-8] DEBUG o.s.w.s.m.m.a.RequestMappingHandlerMapping - Mapped to org.verytogether.userservice.controller.UserController#createUser(User, HttpServletRequest)
2025-09-27 13:42:27.129 [http-nio-8082-exec-8] DEBUG o.s.w.s.m.m.a.RequestResponseBodyMethodProcessor - Read "application/json;charset=UTF-8" to [org.verytogether.userservice.model.User@745ae5c2]
2025-09-27 13:42:27.131 [http-nio-8082-exec-8] DEBUG o.s.w.s.m.m.a.HttpEntityMethodProcessor - Using 'application/json', given [*/*] and supported [application/json, application/*+json]
2025-09-27 13:42:27.131 [http-nio-8082-exec-8] DEBUG o.s.w.s.m.m.a.HttpEntityMethodProcessor - Writing [{error=Username already exists}]
2025-09-27 13:42:27.132 [http-nio-8082-exec-8] DEBUG o.s.web.servlet.DispatcherServlet - Completed 400 BAD_REQUEST
2025-09-27 13:42:36.767 [http-nio-8082-exec-9] DEBUG o.s.web.servlet.DispatcherServlet - POST "/api/auth/login", parameters={}
2025-09-27 13:42:36.767 [http-nio-8082-exec-9] DEBUG o.s.w.s.m.m.a.RequestMappingHandlerMapping - Mapped to org.verytogether.userservice.controller.AuthController#login(Map)
2025-09-27 13:42:36.768 [http-nio-8082-exec-9] DEBUG o.s.w.s.m.m.a.RequestResponseBodyMethodProcessor - Read "application/json;charset=UTF-8" to [{username=admin, password=admin123}]
2025-09-27 13:42:36.852 [http-nio-8082-exec-9] DEBUG o.s.w.s.m.m.a.HttpEntityMethodProcessor - Using 'application/json', given [*/*] and supported [application/json, application/*+json]
2025-09-27 13:42:36.852 [http-nio-8082-exec-9] DEBUG o.s.w.s.m.m.a.HttpEntityMethodProcessor - Writing [{user={role=SUPER_ADMIN, fullName=System Administrator, id=12, email=admin@system.local, username=ad (truncated)...]
2025-09-27 13:42:36.853 [http-nio-8082-exec-9] DEBUG o.s.web.servlet.DispatcherServlet - Completed 200 OK
2025-09-27 13:42:36.868 [http-nio-8082-exec-1] DEBUG o.s.web.servlet.DispatcherServlet - POST "/api/users", parameters={}
2025-09-27 13:42:36.868 [http-nio-8082-exec-1] DEBUG o.s.w.s.m.m.a.RequestMappingHandlerMapping - Mapped to org.verytogether.userservice.controller.UserController#createUser(User, HttpServletRequest)
2025-09-27 13:42:36.871 [http-nio-8082-exec-1] DEBUG o.s.w.s.m.m.a.RequestResponseBodyMethodProcessor - Read "application/json;charset=UTF-8" to [org.verytogether.userservice.model.User@37c6602b]
2025-09-27 13:42:36.950 [http-nio-8082-exec-1] WARN  o.h.e.jdbc.spi.SqlExceptionHelper - SQL Error: 0, SQLState: 23514
2025-09-27 13:42:36.950 [http-nio-8082-exec-1] ERROR o.h.e.jdbc.spi.SqlExceptionHelper - ERROR: new row for relation "users" violates check constraint "chk_username_format"
  详细：Failing row contains (25, 2025-09-27 13:42:36.871854, testdelete$(date +%s)@example.com, Test User Delete, t, $2a$10$HcnCJ01araV5V2zqyC4xyuSVgpwaI4qxk2Q.SGu3UIpSiXFHAUjaS, 2025-09-27 13:42:36.871855, testuser$(date +%s), STUDENT).
2025-09-27 13:42:36.951 [http-nio-8082-exec-1] DEBUG o.s.w.s.m.m.a.HttpEntityMethodProcessor - Using 'application/json', given [*/*] and supported [application/json, application/*+json]
2025-09-27 13:42:36.951 [http-nio-8082-exec-1] DEBUG o.s.w.s.m.m.a.HttpEntityMethodProcessor - Writing [{error=could not execute statement [ERROR: new row for relation "users" violates check constraint "c (truncated)...]
2025-09-27 13:42:36.952 [http-nio-8082-exec-1] DEBUG o.s.web.servlet.DispatcherServlet - Completed 400 BAD_REQUEST
2025-09-27 13:42:46.421 [http-nio-8082-exec-2] DEBUG o.s.web.servlet.DispatcherServlet - POST "/api/auth/login", parameters={}
2025-09-27 13:42:46.422 [http-nio-8082-exec-2] DEBUG o.s.w.s.m.m.a.RequestMappingHandlerMapping - Mapped to org.verytogether.userservice.controller.AuthController#login(Map)
2025-09-27 13:42:46.422 [http-nio-8082-exec-2] DEBUG o.s.w.s.m.m.a.RequestResponseBodyMethodProcessor - Read "application/json;charset=UTF-8" to [{username=admin, password=admin123}]
2025-09-27 13:42:46.501 [http-nio-8082-exec-2] DEBUG o.s.w.s.m.m.a.HttpEntityMethodProcessor - Using 'application/json', given [*/*] and supported [application/json, application/*+json]
2025-09-27 13:42:46.501 [http-nio-8082-exec-2] DEBUG o.s.w.s.m.m.a.HttpEntityMethodProcessor - Writing [{user={role=SUPER_ADMIN, fullName=System Administrator, id=12, email=admin@system.local, username=ad (truncated)...]
2025-09-27 13:42:46.501 [http-nio-8082-exec-2] DEBUG o.s.web.servlet.DispatcherServlet - Completed 200 OK
2025-09-27 13:42:46.515 [http-nio-8082-exec-4] DEBUG o.s.web.servlet.DispatcherServlet - POST "/api/users", parameters={}
2025-09-27 13:42:46.515 [http-nio-8082-exec-4] DEBUG o.s.w.s.m.m.a.RequestMappingHandlerMapping - Mapped to org.verytogether.userservice.controller.UserController#createUser(User, HttpServletRequest)
2025-09-27 13:42:46.517 [http-nio-8082-exec-4] DEBUG o.s.w.s.m.m.a.RequestResponseBodyMethodProcessor - Read "application/json;charset=UTF-8" to [org.verytogether.userservice.model.User@485cd48a]
2025-09-27 13:42:46.598 [http-nio-8082-exec-4] DEBUG o.s.w.s.m.m.a.HttpEntityMethodProcessor - Using 'application/json', given [*/*] and supported [application/json, application/*+json]
2025-09-27 13:42:46.598 [http-nio-8082-exec-4] DEBUG o.s.w.s.m.m.a.HttpEntityMethodProcessor - Writing [org.verytogether.userservice.model.User@485cd48a]
2025-09-27 13:42:46.599 [http-nio-8082-exec-4] DEBUG o.s.web.servlet.DispatcherServlet - Completed 201 CREATED
2025-09-27 13:44:09.260 [http-nio-8082-exec-6] DEBUG o.s.web.servlet.DispatcherServlet - POST "/api/auth/login", parameters={}
2025-09-27 13:44:09.261 [http-nio-8082-exec-6] DEBUG o.s.w.s.m.m.a.RequestMappingHandlerMapping - Mapped to org.verytogether.userservice.controller.AuthController#login(Map)
2025-09-27 13:44:09.261 [http-nio-8082-exec-6] DEBUG o.s.w.s.m.m.a.RequestResponseBodyMethodProcessor - Read "application/json;charset=UTF-8" to [{username=admin, password=admin123}]
2025-09-27 13:44:09.347 [http-nio-8082-exec-6] DEBUG o.s.w.s.m.m.a.HttpEntityMethodProcessor - Using 'application/json', given [*/*] and supported [application/json, application/*+json]
2025-09-27 13:44:09.347 [http-nio-8082-exec-6] DEBUG o.s.w.s.m.m.a.HttpEntityMethodProcessor - Writing [{user={role=SUPER_ADMIN, fullName=System Administrator, id=12, email=admin@system.local, username=ad (truncated)...]
2025-09-27 13:44:09.347 [http-nio-8082-exec-6] DEBUG o.s.web.servlet.DispatcherServlet - Completed 200 OK
2025-09-27 13:44:09.364 [http-nio-8082-exec-8] DEBUG o.s.web.servlet.DispatcherServlet - POST "/api/users", parameters={}
2025-09-27 13:44:09.364 [http-nio-8082-exec-8] DEBUG o.s.w.s.m.m.a.RequestMappingHandlerMapping - Mapped to org.verytogether.userservice.controller.UserController#createUser(User, HttpServletRequest)
2025-09-27 13:44:09.369 [http-nio-8082-exec-8] DEBUG o.s.w.s.m.m.a.RequestResponseBodyMethodProcessor - Read "application/json;charset=UTF-8" to [org.verytogether.userservice.model.User@359e1f6]
2025-09-27 13:44:09.462 [http-nio-8082-exec-8] DEBUG o.s.w.s.m.m.a.HttpEntityMethodProcessor - Using 'application/json', given [*/*] and supported [application/json, application/*+json]
2025-09-27 13:44:09.462 [http-nio-8082-exec-8] DEBUG o.s.w.s.m.m.a.HttpEntityMethodProcessor - Writing [org.verytogether.userservice.model.User@359e1f6]
2025-09-27 13:44:09.462 [http-nio-8082-exec-8] DEBUG o.s.web.servlet.DispatcherServlet - Completed 201 CREATED
2025-09-27 13:44:09.560 [http-nio-8082-exec-10] DEBUG o.s.web.servlet.DispatcherServlet - POST "/api/auth/validate-token", parameters={}
2025-09-27 13:44:09.560 [http-nio-8082-exec-10] DEBUG o.s.w.s.m.m.a.RequestMappingHandlerMapping - Mapped to org.verytogether.userservice.controller.TokenValidationController#validateToken(Map)
2025-09-27 13:44:09.565 [http-nio-8082-exec-10] DEBUG o.s.w.s.m.m.a.RequestResponseBodyMethodProcessor - Read "application/json;charset=UTF-8" to [{token=eyJhbGciOiJIUzI1NiJ9.eyJzdWIiOiJhZG1pbiIsImlhdCI6MTc1ODk1MTg0OSwiZXhwIjoxNzU5MDM4MjQ5fQ.3Cm7R (truncated)...]
2025-09-27 13:44:09.568 [http-nio-8082-exec-10] DEBUG o.s.w.s.m.m.a.HttpEntityMethodProcessor - Using 'application/json', given [application/json, application/*+json] and supported [application/json, application/*+json]
2025-09-27 13:44:09.568 [http-nio-8082-exec-10] DEBUG o.s.w.s.m.m.a.HttpEntityMethodProcessor - Writing [{role=SUPER_ADMIN, userId=12, username=admin, valid=false}]
2025-09-27 13:44:09.569 [http-nio-8082-exec-10] DEBUG o.s.web.servlet.DispatcherServlet - Completed 200 OK
2025-09-27 13:44:09.699 [http-nio-8082-exec-1] DEBUG o.s.web.servlet.DispatcherServlet - POST "/api/auth/validate-token", parameters={}
2025-09-27 13:44:09.699 [http-nio-8082-exec-1] DEBUG o.s.w.s.m.m.a.RequestMappingHandlerMapping - Mapped to org.verytogether.userservice.controller.TokenValidationController#validateToken(Map)
2025-09-27 13:44:09.700 [http-nio-8082-exec-1] DEBUG o.s.w.s.m.m.a.RequestResponseBodyMethodProcessor - Read "application/json;charset=UTF-8" to [{token=eyJhbGciOiJIUzI1NiJ9.eyJzdWIiOiJhZG1pbiIsImlhdCI6MTc1ODk1MTg0OSwiZXhwIjoxNzU5MDM4MjQ5fQ.3Cm7R (truncated)...]
2025-09-27 13:44:09.704 [http-nio-8082-exec-1] DEBUG o.s.w.s.m.m.a.HttpEntityMethodProcessor - Using 'application/json', given [application/json, application/*+json] and supported [application/json, application/*+json]
2025-09-27 13:44:09.705 [http-nio-8082-exec-1] DEBUG o.s.w.s.m.m.a.HttpEntityMethodProcessor - Writing [{role=SUPER_ADMIN, userId=12, username=admin, valid=false}]
2025-09-27 13:44:09.705 [http-nio-8082-exec-1] DEBUG o.s.web.servlet.DispatcherServlet - Completed 200 OK
2025-09-27 13:44:09.744 [http-nio-8082-exec-2] DEBUG o.s.web.servlet.DispatcherServlet - DELETE "/api/users/27", parameters={}
2025-09-27 13:44:09.745 [http-nio-8082-exec-2] DEBUG o.s.w.s.m.m.a.RequestMappingHandlerMapping - Mapped to org.verytogether.userservice.controller.UserController#deleteUser(Long, HttpServletRequest)
2025-09-27 13:44:09.779 [http-nio-8082-exec-2] DEBUG o.s.w.s.m.m.a.HttpEntityMethodProcessor - Using 'application/octet-stream', given [*/*] and supported [*/*]
2025-09-27 13:44:09.780 [http-nio-8082-exec-2] DEBUG o.s.web.servlet.DispatcherServlet - Completed 204 NO_CONTENT
2025-09-27 13:44:09.809 [http-nio-8082-exec-4] DEBUG o.s.web.servlet.DispatcherServlet - GET "/api/users/27", parameters={}
2025-09-27 13:44:09.810 [http-nio-8082-exec-4] DEBUG o.s.w.s.m.m.a.RequestMappingHandlerMapping - Mapped to org.verytogether.userservice.controller.UserController#getUserById(Long, HttpServletRequest)
2025-09-27 13:44:09.820 [http-nio-8082-exec-4] DEBUG o.s.w.s.m.m.a.HttpEntityMethodProcessor - Using 'application/octet-stream', given [*/*] and supported [*/*]
2025-09-27 13:44:09.820 [http-nio-8082-exec-4] DEBUG o.s.web.servlet.DispatcherServlet - Completed 404 NOT_FOUND
2025-09-27 13:44:09.858 [http-nio-8082-exec-6] DEBUG o.s.web.servlet.DispatcherServlet - POST "/api/auth/validate-token", parameters={}
2025-09-27 13:44:09.858 [http-nio-8082-exec-6] DEBUG o.s.w.s.m.m.a.RequestMappingHandlerMapping - Mapped to org.verytogether.userservice.controller.TokenValidationController#validateToken(Map)
2025-09-27 13:44:09.859 [http-nio-8082-exec-6] DEBUG o.s.w.s.m.m.a.RequestResponseBodyMethodProcessor - Read "application/json;charset=UTF-8" to [{token=eyJhbGciOiJIUzI1NiJ9.eyJzdWIiOiJhZG1pbiIsImlhdCI6MTc1ODk1MTg0OSwiZXhwIjoxNzU5MDM4MjQ5fQ.3Cm7R (truncated)...]
2025-09-27 13:44:09.867 [http-nio-8082-exec-6] DEBUG o.s.w.s.m.m.a.HttpEntityMethodProcessor - Using 'application/json', given [application/json, application/*+json] and supported [application/json, application/*+json]
2025-09-27 13:44:09.867 [http-nio-8082-exec-6] DEBUG o.s.w.s.m.m.a.HttpEntityMethodProcessor - Writing [{role=SUPER_ADMIN, userId=12, username=admin, valid=false}]
2025-09-27 13:44:09.869 [http-nio-8082-exec-6] DEBUG o.s.web.servlet.DispatcherServlet - Completed 200 OK
